]0;~/Dropbox/IdeaProjects/ij_detrendr[?1034h[36mrnolan[m@[32mRorys-MacBook-Pro-8:[33;1m~/Dropbox/IdeaProjects/ij_detrendr[m$ git status
On branch master
Your branch is up to date with 'origin/master'.

Changes not staged for commit:
  (use "git add <file>..." to update what will be committed)
  (use "git checkout -- <file>..." to discard changes in working directory)

	[31mmodified:   .idea/workspace.xml[m

no changes added to commit (use "git add" and/or "git commit -a")
]0;~/Dropbox/IdeaProjects/ij_detrendr[36mrnolan[m@[32mRorys-MacBook-Pro-8:[33;1m~/Dropbox/IdeaProjects/ij_detrendr[m$ ls -a
[1m[34m.[39;49m[0m                 [1m[34m.Rproj.user[39;49m[0m       .gitignore        README.md         [1m[34msrc[39;49m[0m
[1m[34m..[39;49m[0m                .checksums        [1m[34m.idea[39;49m[0m             [1m[34mcoverage[39;49m[0m          [1m[34mtarget[39;49m[0m
.DS_Store         [1m[34m.git[39;49m[0m              .travis.yml       ij_detrendr.Rproj
.Rhistory         .gitattributes    README.Rmd        pom.xml
]0;~/Dropbox/IdeaProjects/ij_detrendr[36mrnolan[m@[32mRorys-MacBook-Pro-8:[33;1m~/Dropbox/IdeaProjects/ij_detrendr[m$ git rm -r --cached path_to_your_folder/[1P/[1P/[1P/[1P/[1P/[1P/[1P/[1P/[1P/[1P/[1P/[1P/[1P/[1P/[1P/[1P/[1P/[1P/[1P/./i/d/e/a/
rm '.idea/artifacts/ij_detrendr_jar.xml'
rm '.idea/compiler.xml'
rm '.idea/encodings.xml'
rm '.idea/misc.xml'
rm '.idea/uiDesigner.xml'
rm '.idea/vcs.xml'
rm '.idea/workspace.xml'
]0;~/Dropbox/IdeaProjects/ij_detrendr[36mrnolan[m@[32mRorys-MacBook-Pro-8:[33;1m~/Dropbox/IdeaProjects/ij_detrendr[m$ git checkout --orphan gh-pages
M	.gitignore
D	.idea/artifacts/ij_detrendr_jar.xml
D	.idea/compiler.xml
D	.idea/encodings.xml
D	.idea/misc.xml
D	.idea/uiDesigner.xml
D	.idea/vcs.xml
D	.idea/workspace.xml
A	ij_detrendr.Rproj
Switched to a new branch 'gh-pages'
]0;~/Dropbox/IdeaProjects/ij_detrendr[36mrnolan[m@[32mRorys-MacBook-Pro-8:[33;1m~/Dropbox/IdeaProjects/ij_detrendr[m$ git rm -rf .
rm '.checksums'
rm '.gitattributes'
rm '.gitignore'
rm '.travis.yml'
rm 'README.md'
rm 'coverage/.css/coverage.css'
rm 'coverage/.img/arrowDown.gif'
rm 'coverage/.img/arrowUp.gif'
rm 'coverage/index.html'
rm 'coverage/index_SORT_BY_BLOCK.html'
rm 'coverage/index_SORT_BY_BLOCK_DESC.html'
rm 'coverage/index_SORT_BY_CLASS.html'
rm 'coverage/index_SORT_BY_CLASS_DESC.html'
rm 'coverage/index_SORT_BY_LINE.html'
rm 'coverage/index_SORT_BY_LINE_DESC.html'
rm 'coverage/index_SORT_BY_METHOD.html'
rm 'coverage/index_SORT_BY_METHOD_DESC.html'
rm 'coverage/index_SORT_BY_NAME_DESC.html'
rm 'coverage/net.rorynolan.detrendr/.classes/Detrendr.html'
rm 'coverage/net.rorynolan.detrendr/index.html'
rm 'coverage/net.rorynolan.detrendr/index_SORT_BY_BLOCK.html'
rm 'coverage/net.rorynolan.detrendr/index_SORT_BY_BLOCK_DESC.html'
rm 'coverage/net.rorynolan.detrendr/index_SORT_BY_CLASS.html'
rm 'coverage/net.rorynolan.detrendr/index_SORT_BY_CLASS_DESC.html'
rm 'coverage/net.rorynolan.detrendr/index_SORT_BY_LINE.html'
rm 'coverage/net.rorynolan.detrendr/index_SORT_BY_LINE_DESC.html'
rm 'coverage/net.rorynolan.detrendr/index_SORT_BY_METHOD.html'
rm 'coverage/net.rorynolan.detrendr/index_SORT_BY_METHOD_DESC.html'
rm 'coverage/net.rorynolan.detrendr/index_SORT_BY_NAME_DESC.html'
rm 'ij_detrendr.Rproj'
rm 'pom.xml'
rm 'src/main/java/net/rorynolan/detrendr/Detrendr.java'
rm 'src/test/java/net/rorynolan/detrendr/DetrendTest.java'
rm 'target/classes/META-INF/json/org.scijava.plugin.Plugin'
rm 'target/classes/net/rorynolan/detrendr/Detrendr.class'
rm 'target/detrendr-0.1.0-SNAPSHOT-sources.jar'
rm 'target/detrendr-0.1.0-SNAPSHOT-tests.jar'
rm 'target/detrendr-0.1.0-SNAPSHOT.jar'
rm 'target/detrendr-0.1.0-sources.jar'
rm 'target/detrendr-0.1.0-tests.jar'
rm 'target/detrendr-0.1.0.jar'
rm 'target/detrendr-0.1.1-sources.jar'
rm 'target/detrendr-0.1.1-tests.jar'
rm 'target/detrendr-0.1.1.jar'
rm 'target/maven-archiver/pom.properties'
rm 'target/maven-status/maven-compiler-plugin/compile/default-compile/createdFiles.lst'
rm 'target/maven-status/maven-compiler-plugin/compile/default-compile/inputFiles.lst'
rm 'target/maven-status/maven-compiler-plugin/testCompile/default-testCompile/createdFiles.lst'
rm 'target/maven-status/maven-compiler-plugin/testCompile/default-testCompile/inputFiles.lst'
rm 'target/surefire-reports/TEST-net.rorynolan.detrendr.DetrendTest.xml'
rm 'target/surefire-reports/net.rorynolan.detrendr.DetrendTest.txt'
rm 'target/test-classes/net/rorynolan/detrendr/DetrendTest.class'
]0;~/Dropbox/IdeaProjects/ij_detrendr[36mrnolan[m@[32mRorys-MacBook-Pro-8:[33;1m~/Dropbox/IdeaProjects/ij_detrendr[m$ 
]0;~/Dropbox/IdeaProjects/ij_detrendr[36mrnolan[m@[32mRorys-MacBook-Pro-8:[33;1m~/Dropbox/IdeaProjects/ij_detrendr[m$ # create a hidden file .nojekyll
]0;~/Dropbox/IdeaProjects/ij_detrendr[36mrnolan[m@[32mRorys-MacBook-Pro-8:[33;1m~/Dropbox/IdeaProjects/ij_detrendr[m$ touch .nojekyll
]0;~/Dropbox/IdeaProjects/ij_detrendr[36mrnolan[m@[32mRorys-MacBook-Pro-8:[33;1m~/Dropbox/IdeaProjects/ij_detrendr[m$ git add .nojekyll
]0;~/Dropbox/IdeaProjects/ij_detrendr[36mrnolan[m@[32mRorys-MacBook-Pro-8:[33;1m~/Dropbox/IdeaProjects/ij_detrendr[m$ 
]0;~/Dropbox/IdeaProjects/ij_detrendr[36mrnolan[m@[32mRorys-MacBook-Pro-8:[33;1m~/Dropbox/IdeaProjects/ij_detrendr[m$ git commit -m"Initial commit"
[gh-pages (root-commit) 38ec3f6] Initial commit
 1 file changed, 0 insertions(+), 0 deletions(-)
 create mode 100644 .nojekyll
]0;~/Dropbox/IdeaProjects/ij_detrendr[36mrnolan[m@[32mRorys-MacBook-Pro-8:[33;1m~/Dropbox/IdeaProjects/ij_detrendr[m$ git push origin gh-pages
Counting objects: 3, done.
Writing objects:  33% (1/3)   Writing objects:  66% (2/3)   Writing objects: 100% (3/3)   Writing objects: 100% (3/3), 216 bytes | 216.00 KiB/s, done.
Total 3 (delta 0), reused 0 (delta 0)
remote: 
remote: Create a pull request for 'gh-pages' on GitHub by visiting:[K
remote:      https://github.com/rorynolan/ij_detrendr/pull/new/gh-pages[K
remote: 
To https://github.com/rorynolan/ij_detrendr.git
 * [new branch]      gh-pages -> gh-pages
]0;~/Dropbox/IdeaProjects/ij_detrendr[36mrnolan[m@[32mRorys-MacBook-Pro-8:[33;1m~/Dropbox/IdeaProjects/ij_detrendr[m$ git ce[Khe[K[K[K[K[K[K[K[K[36mrnolan[m@[32mRorys-MacBook-Pro-8:[33;1m~/Dropbox/IdeaProjects/ij_detrendr[m$ gi[K[Kls -a
[1m[34m.[39;49m[0m           [1m[34m..[39;49m[0m          .DS_Store   [1m[34m.Rproj.user[39;49m[0m [1m[34m.git[39;49m[0m        [1m[34m.idea[39;49m[0m       .nojekyll
]0;~/Dropbox/IdeaProjects/ij_detrendr[36mrnolan[m@[32mRorys-MacBook-Pro-8:[33;1m~/Dropbox/IdeaProjects/ij_detrendr[m$ ls -agit push origin gh-pagescommit -m"Initial commit"[12Padd .nojekyll[2Ptouch[C[C[C[C[C[C[C[C[C[C[17@# create a hidden file[C[C[C[C[C[C[C[C[C[C[20Pgit rm -rf .checkout --orphan gh-pages[5Prm -r --cached .idea/ls -a[Kgit statusR[Khtopcd miscR/git clone https://github.com/rorynolan/tssibble.git[A[36mrnolan[m@[32mRorys-MacBook-Pro-8:[33;1m~/Dropbox/IdeaProjects/ij_detrendr[m$ [C[C[C[C[C[C[C[C[C[K
[K[A[C[C[C[C[C[C[C[C[C[C[C[C[C[C[C[C[C[C[C[C[C[C[C[C[C[C[C[C[C[C[C[C[C[C[C[C[C[C[C[C[C[C[C[C[C[C[C[C[C[C[C[C[C[C[C[C[C[C[C[C[C[C[C[C[C[C[C[C[C[C[C[C[4Pcd ..git clone https://github.com/rorynolan/tssibble.git[A[36mrnolan[m@[32mRorys-MacBook-Pro-8:[33;1m~/Dropbox/IdeaProjects/ij_detrendr[m$ cd miscR/[K
[K[A[C[C[C[C[C[C[C[C[C[C[C[C[C[C[C[C[C[C[C[C[C[C[C[C[C[C[C[C[C[C[C[C[C[C[C[C[C[C[C[C[C[C[C[C[C[C[C[C[C[C[C[C[C[C[C[C[C[C[C[C[C[C[C[C[C[C[C[C[C[C[C[C[5PhtopR[Kgit status[5Pls -agit rm -r --cached .idea/checkout --orphan gh-pages[5Prm -r --cached .idea/checkout --orphan gh-pages[5Prm -r --cached .idea/
fatal: pathspec '.idea/' did not match any files
]0;~/Dropbox/IdeaProjects/ij_detrendr[36mrnolan[m@[32mRorys-MacBook-Pro-8:[33;1m~/Dropbox/IdeaProjects/ij_detrendr[m$ touch .gitignore
]0;~/Dropbox/IdeaProjects/ij_detrendr[36mrnolan[m@[32mRorys-MacBook-Pro-8:[33;1m~/Dropbox/IdeaProjects/ij_detrendr[m$ [K[36mrnolan[m@[32mRorys-MacBook-Pro-8:[33;1m~/Dropbox/IdeaProjects/ij_detrendr[m$ git checkout master
error: The following untracked working tree files would be overwritten by checkout:
	.gitignore
Please move or remove them before you switch branches.
Aborting
]0;~/Dropbox/IdeaProjects/ij_detrendr[36mrnolan[m@[32mRorys-MacBook-Pro-8:[33;1m~/Dropbox/IdeaProjects/ij_detrendr[m$ git add .